yarn run v1.22.22
$ "C:\Users\dd200\Documents\Mes_projets\Mes repo obsidian new\obsidian-easy-toggle-sidebars\node_modules\.bin\tsc" -noEmit --skipLibCheck
src/autoHide.ts(2,65): error TS2835: Relative import paths need explicit file extensions in ECMAScript imports when '--moduleResolution' is 'node16' or 'nodenext'. Did you mean './barTools.js'?
src/autoHide.ts(3,31): error TS2835: Relative import paths need explicit file extensions in ECMAScript imports when '--moduleResolution' is 'node16' or 'nodenext'. Did you mean './main.js'?
src/autoHide.ts(4,30): error TS2835: Relative import paths need explicit file extensions in ECMAScript imports when '--moduleResolution' is 'node16' or 'nodenext'. Did you mean './utils/domUtils.js'?
src/autoHide.ts(5,30): error TS2834: Relative import paths need explicit file extensions in ECMAScript imports when '--moduleResolution' is 'node16' or 'nodenext'. Consider adding an extension to the import path.
src/barTools.ts(2,31): error TS2835: Relative import paths need explicit file extensions in ECMAScript imports when '--moduleResolution' is 'node16' or 'nodenext'. Did you mean './main.js'?
src/commands.ts(1,32): error TS2835: Relative import paths need explicit file extensions in ECMAScript imports when '--moduleResolution' is 'node16' or 'nodenext'. Did you mean './autoHide.js'?
src/commands.ts(2,36): error TS2835: Relative import paths need explicit file extensions in ECMAScript imports when '--moduleResolution' is 'node16' or 'nodenext'. Did you mean './barTools.js'?
src/commands.ts(3,31): error TS2835: Relative import paths need explicit file extensions in ECMAScript imports when '--moduleResolution' is 'node16' or 'nodenext'. Did you mean './main.js'?
src/explorerTabs.ts(2,31): error TS2835: Relative import paths need explicit file extensions in ECMAScript imports when '--moduleResolution' is 'node16' or 'nodenext'. Did you mean './main.js'?
src/explorerTabs.ts(3,38): error TS2835: Relative import paths need explicit file extensions in ECMAScript imports when '--moduleResolution' is 'node16' or 'nodenext'. Did you mean './tools.js'?
src/main.ts(2,31): error TS2835: Relative import paths need explicit file extensions in ECMAScript imports when '--moduleResolution' is 'node16' or 'nodenext'. Did you mean './settings.js'?
src/main.ts(3,34): error TS2835: Relative import paths need explicit file extensions in ECMAScript imports when '--moduleResolution' is 'node16' or 'nodenext'. Did you mean './mouseDown.js'?
src/main.ts(4,38): error TS2835: Relative import paths need explicit file extensions in ECMAScript imports when '--moduleResolution' is 'node16' or 'nodenext'. Did you mean './autoHide.js'?
src/main.ts(5,26): error TS2835: Relative import paths need explicit file extensions in ECMAScript imports when '--moduleResolution' is 'node16' or 'nodenext'. Did you mean './window.js'?
src/main.ts(6,29): error TS2835: Relative import paths need explicit file extensions in ECMAScript imports when '--moduleResolution' is 'node16' or 'nodenext'. Did you mean './types/variables.js'?
src/main.ts(7,34): error TS2834: Relative import paths need explicit file extensions in ECMAScript imports when '--moduleResolution' is 'node16' or 'nodenext'. Consider adding an extension to the import path.
src/main.ts(8,34): error TS2835: Relative import paths need explicit file extensions in ECMAScript imports when '--moduleResolution' is 'node16' or 'nodenext'. Did you mean './commands.js'?
src/main.ts(9,34): error TS2835: Relative import paths need explicit file extensions in ECMAScript imports when '--moduleResolution' is 'node16' or 'nodenext'. Did you mean './mouseMove.js'?
src/main.ts(10,32): error TS2835: Relative import paths need explicit file extensions in ECMAScript imports when '--moduleResolution' is 'node16' or 'nodenext'. Did you mean './mouseUp.js'?
src/mouseDown.ts(1,31): error TS2835: Relative import paths need explicit file extensions in ECMAScript imports when '--moduleResolution' is 'node16' or 'nodenext'. Did you mean './main.js'?
src/mouseMove.ts(1,55): error TS2835: Relative import paths need explicit file extensions in ECMAScript imports when '--moduleResolution' is 'node16' or 'nodenext'. Did you mean './barTools.js'?
src/mouseMove.ts(2,31): error TS2835: Relative import paths need explicit file extensions in ECMAScript imports when '--moduleResolution' is 'node16' or 'nodenext'. Did you mean './main.js'?
src/mouseMove.ts(3,37): error TS2835: Relative import paths need explicit file extensions in ECMAScript imports when '--moduleResolution' is 'node16' or 'nodenext'. Did you mean './tools.js'?
src/mouseUp.ts(2,26): error TS2835: Relative import paths need explicit file extensions in ECMAScript imports when '--moduleResolution' is 'node16' or 'nodenext'. Did you mean './autoHide.js'?
src/mouseUp.ts(3,65): error TS2835: Relative import paths need explicit file extensions in ECMAScript imports when '--moduleResolution' is 'node16' or 'nodenext'. Did you mean './barTools.js'?
src/mouseUp.ts(4,33): error TS2835: Relative import paths need explicit file extensions in ECMAScript imports when '--moduleResolution' is 'node16' or 'nodenext'. Did you mean './explorerTabs.js'?
src/mouseUp.ts(5,31): error TS2835: Relative import paths need explicit file extensions in ECMAScript imports when '--moduleResolution' is 'node16' or 'nodenext'. Did you mean './main.js'?
src/mouseUp.ts(6,24): error TS2835: Relative import paths need explicit file extensions in ECMAScript imports when '--moduleResolution' is 'node16' or 'nodenext'. Did you mean './reveal.js'?
src/mouseUp.ts(7,39): error TS2835: Relative import paths need explicit file extensions in ECMAScript imports when '--moduleResolution' is 'node16' or 'nodenext'. Did you mean './scrollBar.js'?
src/mouseUp.ts(8,27): error TS2835: Relative import paths need explicit file extensions in ECMAScript imports when '--moduleResolution' is 'node16' or 'nodenext'. Did you mean './togglePin.js'?
src/mouseUp.ts(9,64): error TS2835: Relative import paths need explicit file extensions in ECMAScript imports when '--moduleResolution' is 'node16' or 'nodenext'. Did you mean './tools.js'?
src/mouseUp.ts(10,30): error TS2835: Relative import paths need explicit file extensions in ECMAScript imports when '--moduleResolution' is 'node16' or 'nodenext'. Did you mean './utils/domUtils.js'?
src/reveal.ts(10,7): error TS2339: Property 'commands' does not exist on type 'App'.
src/reveal.ts(11,7): error TS2339: Property 'commands' does not exist on type 'App'.
src/scrollBar.ts(1,45): error TS2835: Relative import paths need explicit file extensions in ECMAScript imports when '--moduleResolution' is 'node16' or 'nodenext'. Did you mean './barTools.js'?
src/scrollBar.ts(2,31): error TS2835: Relative import paths need explicit file extensions in ECMAScript imports when '--moduleResolution' is 'node16' or 'nodenext'. Did you mean './main.js'?
src/settings.ts(2,31): error TS2835: Relative import paths need explicit file extensions in ECMAScript imports when '--moduleResolution' is 'node16' or 'nodenext'. Did you mean './main.js'?
src/settings.ts(3,62): error TS2835: Relative import paths need explicit file extensions in ECMAScript imports when '--moduleResolution' is 'node16' or 'nodenext'. Did you mean './autoHide.js'?
src/settings.ts(4,48): error TS2834: Relative import paths need explicit file extensions in ECMAScript imports when '--moduleResolution' is 'node16' or 'nodenext'. Consider adding an extension to the import path.
src/togglePin.ts(2,31): error TS2835: Relative import paths need explicit file extensions in ECMAScript imports when '--moduleResolution' is 'node16' or 'nodenext'. Did you mean './main.js'?
src/tools.ts(2,31): error TS2835: Relative import paths need explicit file extensions in ECMAScript imports when '--moduleResolution' is 'node16' or 'nodenext'. Did you mean './main.js'?
src/tools.ts(3,30): error TS2835: Relative import paths need explicit file extensions in ECMAScript imports when '--moduleResolution' is 'node16' or 'nodenext'. Did you mean './barTools.js'?
src/tools.ts(4,30): error TS2834: Relative import paths need explicit file extensions in ECMAScript imports when '--moduleResolution' is 'node16' or 'nodenext'. Consider adding an extension to the import path.
src/utils/domUtils.ts(1,45): error TS2834: Relative import paths need explicit file extensions in ECMAScript imports when '--moduleResolution' is 'node16' or 'nodenext'. Consider adding an extension to the import path.
src/window.ts(8,8): error TS2835: Relative import paths need explicit file extensions in ECMAScript imports when '--moduleResolution' is 'node16' or 'nodenext'. Did you mean './barTools.js'?
src/window.ts(9,31): error TS2835: Relative import paths need explicit file extensions in ECMAScript imports when '--moduleResolution' is 'node16' or 'nodenext'. Did you mean './main.js'?
src/window.ts(10,30): error TS2834: Relative import paths need explicit file extensions in ECMAScript imports when '--moduleResolution' is 'node16' or 'nodenext'. Consider adding an extension to the import path.
info Visit https://yarnpkg.com/en/docs/cli/run for documentation about this command.
